// Vitest Snapshot v1, https://vitest.dev/guide/snapshot.html

exports[`Accordion > should match snapshot 1`] = `
<div>
  <div
    class="_container_b8a185"
    data-testid="accordion"
  >
    <h1>
      PREGUNTAS FRECUENTES
    </h1>
    <div
      data-testid="AccordionItem"
    />
    <div
      data-testid="AccordionItem"
    />
    <div
      data-testid="AccordionItem"
    />
  </div>
</div>
`;
